---
source: crates/clove-tui/src/snapshot.rs
expression: rendered
---
┌ clove ───────────────────────────────┐
│  All 7  │  Rdy 4  │  Blk 1           │
└──────────────────────────────────────┘
┌ Overview · Dep tree · Comments ──────┐
│ Build REST API                       │
│ proj-00000002                        │
│                                      │
│ status     in_progress   ready       │
│ priority   p0                        │
│ assignee   grace                     │
│                                      │
│ type       feature                   │
│ labels     area:api, backend         │
│ created    2026-01-01 09:00 UTC      │
│ updated    2026-01-03 11:30 UTC      │
│                                      │
│ deps       proj-00000001             │
│                                      │
│ ── body ──────────────────────────── │
│ ## Goals                             │
│ • CRUD endpoints                     │
│ • Auth middleware                    │
│                                      │
│ Builds on the schema work.           │
│                                      │
│                                      │
│                                      │
│                                      │
│                                      │
│                                      │
│                                      │
│                                      │
│                                      │
│                                      │
│                                      │
│                                      │
│                                      │
│                                      │
│                                      │
│                                      │
│                                      │
│                                      │
│                                      │
│                                      │
│                                      │
│                                      │
└──────────────────────────────────────┘
7 item(s) loaded  ?·q
