---
source: crates/clove-tui/src/snapshot.rs
expression: rendered
---
  All 7  │  Ready 4  │  Blocked 1
┌ Items (1) ───────────────────────────────────┐┌ Overview · Dep tree · Comments ──────────────────────────────────────┐
│▌○ F #3 p2 Write integration tests ✗          ││ FEATURE  Write integration tests                    ○ open · blocked │
│                                              ││ #3                                                                p2 │
│                                              ││                                                                      │
│                                              ││ blocked by #2                                                        │
│                                              ││                                                                      │
│                                              ││ deps       #2                                                        │
│                                              ││                                                                      │
│                                              ││ ── body ──────────────────────────────────────────────────────────── │
│                                              ││ End-to-end coverage of the public API surface.                       │
│                                              ││                                                                      │
│                                              ││                                                                      │
│                                              ││                                                                      │
│                                              ││                                                                      │
│                                              ││ labels area:qa                        created Jan 1 · updated Jan 12 │
└──────────────────────────────────────────────┘└──────────────────────────────────────────────────────────────────────┘
7 item(s) loaded   ?: help · q: quit
