---
source: crates/clove-tui/src/snapshot.rs
expression: rendered
---
┌ clove ───────────────────────────────────────────────────┐
│  All 7  │  Ready 4  │  Blocked 1                         │
└──────────────────────────────────────────────────────────┘
┌ Items (7) ───────────────────────────────────────────────┐
│▌◐ F proj-00000002 p0 Build REST API ●                    │
│ ○ B proj-00000007 p1 Investigate flaky CI ●              │
│ ● C proj-00000001 p1 Set up database schema              │
│ ○ E proj-00000004 p2 Ship v1 release ●                   │
│ ○ F proj-00000003 p2 Write integration tests ✗           │
│ ○ F proj-00000005 p3 Frontend dashboard ●                │
│ ● D proj-00000006 p4 Docs site                           │
│                                                          │
│                                                          │
│                                                          │
│                                                          │
│                                                          │
│                                                          │
│                                                          │
│                                                          │
│                                                          │
│                                                          │
│                                                          │
│                                                          │
│                                                          │
│                                                          │
│                                                          │
│                                                          │
└──────────────────────────────────────────────────────────┘
┌ Overview · Dep tree · Comments ──────────────────────────┐
│ grace-example-com  2026-01-05 10:00 UTC                  │
│ Started on the CRUD layer.                               │
│                                                          │
│ ada-example-com  2026-01-06 14:30 UTC                    │
│ Schema is ready — you're unblocked.                      │
│                                                          │
│                                                          │
│                                                          │
│                                                          │
│                                                          │
│                                                          │
│                                                          │
│                                                          │
│                                                          │
│                                                          │
│                                                          │
│                                                          │
│                                                          │
│                                                          │
│                                                          │
│                                                          │
│                                                          │
│                                                          │
│                                                          │
│                                                          │
│                                                          │
│                                                          │
│                                                          │
│                                                          │
└──────────────────────────────────────────────────────────┘
7 item(s) loaded   ?: help · q: quit
