---
source: crates/clove-tui/src/snapshot.rs
expression: rendered
---
┌ clove ───────────────────────────────────────────────────┐
│  All 2  │  Ready 1  │  Blocked 0                         │
└──────────────────────────────────────────────────────────┘
┌ Items (2) ───────────────────────────────────────────────┐
│▌◐ F #2 ! Implement end-to-end offline synchronization w… │
│ ● C #1 • Dependency target                               │
│                                                          │
│                                                          │
│                                                          │
│                                                          │
│                                                          │
│                                                          │
│                                                          │
│                                                          │
│                                                          │
│                                                          │
│                                                          │
│                                                          │
│                                                          │
│                                                          │
│                                                          │
│                                                          │
│                                                          │
│                                                          │
│                                                          │
│                                                          │
│                                                          │
└──────────────────────────────────────────────────────────┘
┌ Overview · Dep tree · Comments ──────────────────────────┐
│ #2  FEATURE  Implement end-to-en…  ◐ in_progress · ready │
│ ! · @ada                                                 │
│ deps 1                                                   │
│──────────────────────────────────────────────────────────│
│ parent     #1                                            │
│ relates    #1                                            │
│                                                          │
│                                                          │
│                                                          │
│                                                          │
│                                                          │
│                                                          │
│                                                          │
│                                                          │
│                                                          │
│                                                          │
│                                                          │
│                                                          │
│                                                          │
│                                                          │
│                                                          │
│                                                          │
│                                                          │
│                                                          │
│                                                          │
│                                                          │
│                                                          │
│──────────────────────────────────────────────────────────│
│ labels area:sync +1       created Jan 1 · updated Jan 20 │
└──────────────────────────────────────────────────────────┘
2 item(s) loaded   ?: help · q: quit
