---
source: crates/clove-tui/src/snapshot.rs
expression: rendered
---
┌ clove ───────────────────────────────────────────────────┐
│  All 7  │  Ready 4  │  Blocked 1                         │
└──────────────────────────────────────────────────────────┘
┌ Items (1) ───────────────────────────────────────────────┐
│▌○ proj-00000003 p2 feature Write integration tests ✗     │
│                                                          │
│                                                          │
│                                                          │
│                                                          │
│                                                          │
│                                                          │
│                                                          │
│                                                          │
│                                                          │
│                                                          │
│                                                          │
│                                                          │
│                                                          │
│                                                          │
│                                                          │
│                                                          │
│                                                          │
│                                                          │
│                                                          │
│                                                          │
│                                                          │
│                                                          │
└──────────────────────────────────────────────────────────┘
┌ Overview · Dep tree · Comments ──────────────────────────┐
│ Write integration tests                                  │
│ proj-00000003                                            │
│                                                          │
│ status     open   blocked                                │
│ blocked by proj-00000002                                 │
│ priority   p2                                            │
│                                                          │
│ type       feature                                       │
│ labels     area:qa                                       │
│ created    2026-01-01 09:00 UTC  (6w ago)                │
│ updated    2026-01-12 11:30 UTC  (4w ago)                │
│                                                          │
│ deps       proj-00000002                                 │
│                                                          │
│ ── body ──────────────────────────────────────────────── │
│ End-to-end coverage of the public API surface.           │
│                                                          │
│                                                          │
│                                                          │
│                                                          │
│                                                          │
│                                                          │
│                                                          │
│                                                          │
│                                                          │
│                                                          │
│                                                          │
│                                                          │
│                                                          │
└──────────────────────────────────────────────────────────┘
7 item(s) loaded   ?: help · q: quit
