---
source: crates/clove-tui/src/snapshot.rs
expression: rendered
---
┌ clove ───────────────────────────────────────────────────┐
│  All 7  │  Ready 4  │  Blocked 1                         │
└──────────────────────────────────────────────────────────┘
┌ Items (7) ───────────────────────────────────────────────┐
│▌◐ F proj-00000002 p0 Build REST API ●                    │
│ ○ B proj-00000007 p1 Investigate flaky CI ●              │
│ ● C proj-00000001 p1 Set up database schema              │
│ ○ E proj-00000004 p2 Ship v1 release ●                   │
│ ○ F proj-00000003 p2 Write integration tests ✗           │
│ ○ F proj-00000005 p3 Frontend dashboard ●                │
│ ● D proj-00000006 p4 Docs site                           │
│                                                          │
│                                                          │
│                                                          │
│                                                          │
│                                                          │
│                                                          │
│                                                          │
│                                                          │
│                                                          │
│                                                          │
│    ┌ Help ──────────────────────────────────────────┐    │
│    │ clove tui — read-only browser                  │    │
│    │                                                │    │
│    │ ↑/k ↓/j      move selection                    │    │
│    │ g / G        jump to top / bottom              │    │
│    │ Tab / 1 2 3  All / Ready / Blocked             │    │
└────│ o / t / c    overview / dep tree / comments    │────┘
┌ Ove│ →/l  ←/h     focus detail / list (narrow)      │────┐
│ F B│ PgUp / PgDn  scroll detail                     │ady │
│ pro│ s / S        cycle sort field / direction      │ace │
│    │ f            filter menu (facets)              │    │
│ lab│ x            clear all filters                 │    │
│ cre│ /            search id, title, labels          │    │
│ upd│ Esc          clear search / back / close       │    │
│    │ r            refresh from disk                 │    │
│ dep│ ?            toggle this help                  │    │
│    │ q            quit                              │    │
│ ── └────────────────────────────────────────────────┘─── │
│ Goals                                                    │
│                                                          │
│ Build a REST API with axum; see docs/api.md.             │
│                                                          │
│ • CRUD endpoints                                         │
│ • Auth middleware                                        │
│                                                          │
│ Steps                                                    │
│                                                          │
│ 1. Define routes                                         │
│ 2. Wire handlers                                         │
│                                                          │
│ │ Blocked on the schema work until it lands.             │
│                                                          │
│ ──────────────────────────────────────────────────────── │
│                                                          │
│ Done when the integration tests pass.                    │
│                                                          │
│                                                          │
└──────────────────────────────────────────────────────────┘
7 item(s) loaded   ?: help · q: quit
