---
source: crates/clove-tui/src/snapshot.rs
expression: rendered
---
  All 7  │  Ready 4  │  Blocked 1
┌ Items (7) ───────────────────────────────────┐┌ Overview · Dep tree · Comments ──────────────────────────────────────┐
│▌◐ proj-00000002 p0 Build REST API ●          ││ Build REST API                                                       │
│ ○ proj-00000007 p1 Investigate flaky CI ●    ││ proj-00000002                                                        │
│ ● proj-00000001 p1 Set up database schema    ││                                                                      │
│ ○ proj-00000004 p2 Ship v1 release ●         ││ status     in_progress   ready                                       │
│ ○ proj-00000003 p2 Write integration tests ✗ ││ priority   p0                                                        │
│ ○ proj-00000005 p3 Frontend dashboard ●      ││ assignee   grace                                                     │
│ ● proj-00000006 p4 Docs site                 ││                                                                      │
│                                              ││ type       feature                                                   │
│                                              ││ labels     area:api, backend                                         │
│                                              ││ created    2026-01-01 09:00 UTC  (6w ago)                            │
│                                              ││ updated    2026-01-20 11:30 UTC  (3w ago)                            │
│                                              ││                                                                      │
│                                              ││ deps       proj-00000001                                             │
│                                              ││                                                                      │
└──────────────────────────────────────────────┘└──────────────────────────────────────────────────────────────────────┘
7 item(s) loaded   ?: help · q: quit
