---
source: crates/clove-tui/src/snapshot.rs
expression: wide
---
┌ clove ───────────────────────────────────────────────────────────────────────────────────────────────────────────────┐
│  All 2  │  Ready 1  │  Blocked 1                                                                                     │
└──────────────────────────────────────────────────────────────────────────────────────────────────────────────────────┘
┌ Items (2) ───────────────────────────────────┐┌ Overview · Dep tree · Comments ──────────────────────────────────────┐
│▌◐ F #2 ! Implement end-to-end offline synch… ││ #2  ! FEATURE                                ◐ in_progress · blocked │
│ ○ C #1 • Dependency target ●                 ││ Implement end-to-end offline synchronization with co…  @ada · deps 1 │
│                                              ││ blocked by #1                                                        │
│                                              ││──────────────────────────────────────────────────────────────────────│
│                                              ││                                                                      │
│                                              ││ • point one                                                          │
│                                              ││ • point two                                                          │
│                                              ││ • point three                                                        │
│                                              ││                                                                      │
│                                              ││ Details                                                              │
│                                              ││                                                                      │
│                                              ││ More text to fill vertical space and exercise the scroll offset      │
│                                              ││ while the fixed header and pinned footer stay put.                   │
│                                              ││                                                                      │
│                                              ││ Notes                                                                │
│                                              ││                                                                      │
│                                              ││──────────────────────────────────────────────────────────────────────│
│                                              ││ labels area:mobile, area:sync +8      created Jan 1 · updated Jan 20 │
└──────────────────────────────────────────────┘└──────────────────────────────────────────────────────────────────────┘
2 item(s) loaded   ?: help · q: quit
