---
source: crates/clove-tui/src/snapshot.rs
expression: rendered
---
┌ clove ───────────────────────────────────────────────────┐
│  All 7  │  Ready 4  │  Blocked 1                         │
└──────────────────────────────────────────────────────────┘
┌ Items (7) ───────────────────────────────────────────────┐
│▌◐ F #2 ! Build REST API ●                                │
│ ○ B #7 ↑ Investigate flaky CI ●                          │
│ ● C #1 ↑ Set up database schema                          │
│ ○ E #4 • Ship v1 release ●                               │
│ ○ F #3 • Write integration tests ✗                       │
│ ○ F #5 ↓ Frontend dashboard ●                            │
│ ● D #6 · Docs site                                       │
│                                                          │
│                                                          │
│                                                          │
│                                                          │
│                                                          │
│                                                          │
│                                                          │
│                                                          │
│                                                          │
│                                                          │
│    ┌ Help ──────────────────────────────────────────┐    │
│    │ clove tui — read-only browser                  │    │
│    │                                                │    │
│    │ ↑/k ↓/j      move selection                    │    │
│    │ g / G        jump to top / bottom              │    │
│    │ Tab / 1 2 3  All / Ready / Blocked             │    │
└────│ o / t / c    overview / dep tree / comments    │────┘
┌ Ove│ →/l  ←/h     focus detail / list (narrow)      │────┐
│ #2 │ PgUp / PgDn  scroll detail                     │ady │
│    │ s / S        cycle sort field / direction      │s 1 │
│────│ f            filter menu (facets)              │────│
│ Goa│ x            clear all filters                 │    │
│    │ /            search id, title, labels          │    │
│ Bui│ Esc          clear search / back / close       │    │
│    │ r            refresh from disk                 │    │
│ • C│ ?            toggle this help                  │    │
│ • A│ q            quit                              │    │
│    └────────────────────────────────────────────────┘    │
│ Steps                                                    │
│                                                          │
│ 1. Define routes                                         │
│ 2. Wire handlers                                         │
│                                                          │
│ │ Blocked on the schema work until it lands.             │
│                                                          │
│ ──────────────────────────────────────────────────────── │
│                                                          │
│ Done when the integration tests pass.                    │
│                                                          │
│                                                          │
│                                                          │
│                                                          │
│                                                          │
│                                                          │
│                                                          │
│──────────────────────────────────────────────────────────│
│ labels area:api, backend  created Jan 1 · updated Jan 20 │
└──────────────────────────────────────────────────────────┘
7 item(s) loaded   ?: help · q: quit
