---
source: crates/clove-tui/src/snapshot.rs
expression: rendered
---
┌ Help ────────────────────────────────┐
│ clove tui — read-only browser        │
│                                      │
│ ↑/k ↓/j      move selection          │
│ g / G        jump to top / bottom    │
│ Tab / 1 2 3  All / Ready / Blocked   │
│ o / t / c    overview / dep tree /   │
│ comments                             │
│ →/l  ←/h     focus detail / list     │
│ (narrow)                             │
│ PgUp / PgDn  scroll detail           │
│ /            search id, title,       │
│ labels                               │
│ Esc          clear search / back /   │
│ close                                │
│ r            refresh from disk       │
│ ?            toggle this help        │
│ q            quit                    │
│                                      │
│                                      │
│                                      │
│                                      │
│                                      │
│                                      │
│                                      │
│                                      │
│                                      │
│                                      │
│                                      │
│                                      │
│                                      │
│                                      │
│                                      │
│                                      │
│                                      │
│                                      │
│                                      │
│                                      │
│                                      │
│                                      │
│                                      │
│                                      │
│                                      │
│                                      │
│                                      │
│                                      │
│                                      │
└──────────────────────────────────────┘
