---
source: crates/clove-tui/src/snapshot.rs
expression: rendered
---
┌ clove ───────────────────────────────────────────────────┐
│  All 7  │  Ready 4  │  Blocked 1                         │
└──────────────────────────────────────────────────────────┘
┌ Items (2/7) ─────────────────────────────────────────────┐
│▌○ F #3 p2 Write integration tests ✗                      │
│ ○ F #5 p3 Frontend dashboard ●                           │
│                                                          │
│                                                          │
│                                                          │
│                                                          │
│                                                          │
│                                                          │
│                                                          │
│                                                          │
│                                                          │
│                                                          │
│                                                          │
│                                                          │
│         ┌ Filter ──────────────────────────────┐         │
│         │ Status                               │         │
│         │  (•) open                            │         │
│         │  ( ) in_progress                     │         │
│         │  ( ) closed                          │         │
│         │                                      │         │
│         │ Type                                 │         │
│         │  [ ] bug                             │         │
│         │ ▌[x] feature                         │         │
└─────────│  [ ] chore                           │─────────┘
┌ Overview│  [ ] docs                            │─────────┐
│ FEATURE │  [ ] epic                            │ blocked │
│ #3      │                                      │      p2 │
│         │ Priority                             │         │
│ blocked │  [ ] p0                              │         │
│         │  [ ] p1                              │         │
│ deps    │  [ ] p2                              │         │
│         │  [ ] p3                              │         │
│ ── body │  [ ] p4                              │──────── │
│ End-to-e│                                      │         │
│         │ Label                                │         │
│         │  [ ] area:api                        │         │
│         │  [ ] area:ci                         │         │
│         └──────────────────────────────────────┘         │
│                                                          │
│                                                          │
│                                                          │
│                                                          │
│                                                          │
│                                                          │
│                                                          │
│                                                          │
│                                                          │
│                                                          │
│                                                          │
│                                                          │
│                                                          │
│                                                          │
│                                                          │
│ labels area:qa            created Jan 1 · updated Jan 12 │
└──────────────────────────────────────────────────────────┘
filter  ↑↓ move · space toggle · x clear · Esc close
