---
source: crates/clove-tui/src/snapshot.rs
expression: rendered
---
┌ clove ───────────────────────────────────────────────────┐
│  All 2  │  Ready 1  │  Blocked 0                         │
└──────────────────────────────────────────────────────────┘
┌ Items (2) ───────────────────────────────────────────────┐
│▌◐ F #9QX4D1B7 ! Implement end-to-end offline synchroniz… │
│ ● C #7AF3K2MN • Dependency target                        │
│                                                          │
│                                                          │
│                                                          │
│                                                          │
│                                                          │
│                                                          │
│                                                          │
│                                                          │
│                                                          │
│                                                          │
│                                                          │
│                                                          │
│                                                          │
│                                                          │
│                                                          │
│                                                          │
│                                                          │
│                                                          │
│                                                          │
│                                                          │
│                                                          │
└──────────────────────────────────────────────────────────┘
┌ Overview · Dep tree · Comments ──────────────────────────┐
│ #9QX4D1B7  ! FEATURE               ◐ in_progress · ready │
│ Implement end-to-end offline synchroniza…  @ada · deps 1 │
│──────────────────────────────────────────────────────────│
│ parent     #7AF3K2MN                                     │
│ relates    #7AF3K2MN                                     │
│                                                          │
│                                                          │
│                                                          │
│                                                          │
│                                                          │
│                                                          │
│                                                          │
│                                                          │
│                                                          │
│                                                          │
│                                                          │
│                                                          │
│                                                          │
│                                                          │
│                                                          │
│                                                          │
│                                                          │
│                                                          │
│                                                          │
│                                                          │
│                                                          │
│                                                          │
│──────────────────────────────────────────────────────────│
│ labels area:sync +1       created Jan 1 · updated Jan 20 │
└──────────────────────────────────────────────────────────┘
2 item(s) loaded   ?: help · q: quit
