---
source: crates/clove-tui/src/snapshot.rs
expression: narrow
---
  All 2  │  Rdy 1  │  Blk 1
┌ Items (2) ───────────────────────────┐
│▌◐ F #9QX4D1B7 ! Implement end-to-… ✗ │
│ ○ C #7AF3K2MN • Dependency target ●  │
│                                      │
│                                      │
│                                      │
│                                      │
│                                      │
│                                      │
│                                      │
│                                      │
│                                      │
│                                      │
│                                      │
│                                      │
└──────────────────────────────────────┘
2 item(s) loaded  ?·q
