---
source: crates/clove-tui/src/snapshot.rs
expression: rendered
---
  All 7  │  Ready 4  │  Blocked 1
┌ Items (2/7) ──────────────────────────┌ Filter ──────────────────────────────┐ ──────────────────────────────────────┐
│▌○ F proj-00000003 p2 Write integration│ Status                               │                      ○ open · blocked │
│ ○ F proj-00000005 p3 Frontend dashboar│  (•) open                            │                          feature · p2 │
│                                       │  ( ) in_progress                     │                                       │
│                                       │  ( ) closed                          │                                       │
│                                       │                                      │                                       │
│                                       │ Type                                 │C  (6w ago)                            │
│                                       │  [ ] bug                             │C  (4w ago)                            │
│                                       │ ▌[x] feature                         │                                       │
│                                       │  [ ] chore                           │                                       │
│                                       │  [ ] docs                            │                                       │
│                                       │  [ ] epic                            │────────────────────────────────────── │
│                                       │                                      │lic API surface.                       │
│                                       │ Priority                             │                                       │
│                                       │  [ ] p0                              │                                       │
└───────────────────────────────────────└──────────────────────────────────────┘───────────────────────────────────────┘
filter  ↑↓ move · space toggle · x clear · Esc close
