---
source: crates/clove-tui/src/snapshot.rs
expression: rendered
---
┌ clove ───────────────────────────────────────────────────┐
│  All 7  │  Ready 4  │  Blocked 1                         │
└──────────────────────────────────────────────────────────┘
┌ Items (2/7) ─────────────────────────────────────────────┐
│▌○ F #K2M8ZP5R • Write integration tests ✗                │
│ ○ F #5RB9NC2V • Frontend dashboard ●                     │
│                                                          │
│                                                          │
│                                                          │
│                                                          │
│                                                          │
│                                                          │
│                                                          │
│                                                          │
│                                                          │
│                                                          │
│                                                          │
│                                                          │
│         ┌ Filter ──────────────────────────────┐         │
│         │ Status                               │         │
│         │  (•) open                            │         │
│         │  ( ) in_progress                     │         │
│         │  ( ) closed                          │         │
│         │                                      │         │
│         │ Type                                 │         │
│         │  [ ] bug                             │         │
│         │ ▌[x] feature                         │         │
└─────────│  [ ] chore                           │─────────┘
┌ Overview│  [ ] docs                            │─────────┐
│ #K2M8ZP5│  [ ] epic                            │ blocked │
│ Write in│                                      │  deps 1 │
│ blocked │ Priority                             │         │
│─────────│  [ ] p0                              │─────────│
│ End-to-e│  [ ] p1                              │         │
│         │  [ ] p2                              │         │
│         │  [ ] p3                              │         │
│         │  [ ] p4                              │         │
│         │                                      │         │
│         │ Label                                │         │
│         │  [ ] area:api                        │         │
│         │  [ ] area:ci                         │         │
│         └──────────────────────────────────────┘         │
│                                                          │
│                                                          │
│                                                          │
│                                                          │
│                                                          │
│                                                          │
│                                                          │
│                                                          │
│                                                          │
│                                                          │
│                                                          │
│                                                          │
│                                                          │
│                                                          │
│──────────────────────────────────────────────────────────│
│ labels area:qa            created Jan 1 · updated Jan 12 │
└──────────────────────────────────────────────────────────┘
filter  ↑↓ move · space toggle · x clear · Esc close
