---
source: crates/clove-tui/src/snapshot.rs
expression: rendered
---
┌ clove ───────────────────────────────────────────────────┐
│  All 7  │  Ready 4  │  Blocked 1                         │
└──────────────────────────────────────────────────────────┘
┌ Items (7) ───────────────────────────────────────────────┐
│▌◐ F proj-00000002 p0 Build REST API ●                    │
│ ○ B proj-00000007 p1 Investigate flaky CI ●              │
│ ● C proj-00000001 p1 Set up database schema              │
│ ○ E proj-00000004 p2 Ship v1 release ●                   │
│ ○ F proj-00000003 p2 Write integration tests ✗           │
│ ○ F proj-00000005 p3 Frontend dashboard ●                │
│ ● D proj-00000006 p4 Docs site                           │
│                                                          │
│                                                          │
│                                                          │
│                                                          │
│                                                          │
│                                                          │
│                                                          │
│                                                          │
│                                                          │
│                                                          │
│                                                          │
│                                                          │
│                                                          │
│                                                          │
│                                                          │
│                                                          │
└──────────────────────────────────────────────────────────┘
┌ Overview · Dep tree · Comments ──────────────────────────┐
│ F Build REST API                   ◐ in_progress · ready │
│ proj-00000002                      feature · p0 · @grace │
│                                                          │
│ labels     area:api, backend                             │
│ created    2026-01-01 09:00 UTC  (6w ago)                │
│ updated    2026-01-20 11:30 UTC  (3w ago)                │
│                                                          │
│ deps       proj-00000001                                 │
│                                                          │
│ ── body ──────────────────────────────────────────────── │
│ Goals                                                    │
│                                                          │
│ Build a REST API with axum; see docs/api.md.             │
│                                                          │
│ • CRUD endpoints                                         │
│ • Auth middleware                                        │
│                                                          │
│ Steps                                                    │
│                                                          │
│ 1. Define routes                                         │
│ 2. Wire handlers                                         │
│                                                          │
│ │ Blocked on the schema work until it lands.             │
│                                                          │
│ ──────────────────────────────────────────────────────── │
│                                                          │
│ Done when the integration tests pass.                    │
│                                                          │
│                                                          │
└──────────────────────────────────────────────────────────┘
7 item(s) loaded   ?: help · q: quit
