---
source: crates/clove-tui/src/snapshot.rs
expression: rendered
---
┌ clove ───────────────────────────────────────────────────┐
│  All 7  │  Ready 4  │  Blocked 1                         │
└──────────────────────────────────────────────────────────┘
┌ Items (1/7) ─────────────────────────────────────────────┐
│▌◐ F #2 p0 Build REST API ●                               │
│                                                          │
│                                                          │
│                                                          │
│                                                          │
│                                                          │
│                                                          │
│                                                          │
│                                                          │
│                                                          │
│                                                          │
│                                                          │
│                                                          │
│                                                          │
│                                                          │
│                                                          │
│                                                          │
│                                                          │
│                                                          │
│                                                          │
│                                                          │
│                                                          │
│                                                          │
└──────────────────────────────────────────────────────────┘
┌ Overview · Dep tree · Comments ──────────────────────────┐
│ #2  FEATURE  Build REST API        ◐ in_progress · ready │
│ p0 · @grace                                              │
│ deps 1                                                   │
│──────────────────────────────────────────────────────────│
│ Goals                                                    │
│                                                          │
│ Build a REST API with axum; see docs/api.md.             │
│                                                          │
│ • CRUD endpoints                                         │
│ • Auth middleware                                        │
│                                                          │
│ Steps                                                    │
│                                                          │
│ 1. Define routes                                         │
│ 2. Wire handlers                                         │
│                                                          │
│ │ Blocked on the schema work until it lands.             │
│                                                          │
│ ──────────────────────────────────────────────────────── │
│                                                          │
│ Done when the integration tests pass.                    │
│                                                          │
│                                                          │
│                                                          │
│                                                          │
│                                                          │
│                                                          │
│──────────────────────────────────────────────────────────│
│ labels area:api, backend  created Jan 1 · updated Jan 20 │
└──────────────────────────────────────────────────────────┘
/api▏   (Enter: keep · Esc: clear)
