---
source: crates/clove-tui/src/snapshot.rs
expression: rendered
---
  All 7  │  Ready 4  │  Blocked 1
┌ Items (7) ────────────────┌ Edit proj-9QX4D1B7 ──────────────────────────────────────────┐───────────────────────────┐
│▌◐ F #9QX4D1B7 ! Build REST│ ▌   Title: Build REST API▏                                   │     ◐ in_progress · ready │
│ ○ B #2HZ6C3PW ↑ Investigat│    Status: in_progress                                       │           @grace · deps 1 │
│ ● C #7AF3K2MN ↑ Set up dat│      Type: feature                                           │───────────────────────────│
│ ○ E #3HT6WYG5 • Ship v1 re│  Priority: p0                                                │                           │
│ ○ F #K2M8ZP5R • Write inte│  Assignee: grace                                             │                           │
│ ○ F #5RB9NC2V • Frontend d│    Labels: area:api, backend                                 │d.                         │
│ ● D #8XQ4F7DM ↓ Docs site │    Parent:                                                   │                           │
│                           │      Deps: proj-7AF3K2MN                                     │                           │
│                           │      Body:                                                   │                           │
│                           │   ## Goals                                                   │                           │
│                           │                                                              │                           │
│                           │   Build a **REST API** with `axum`; see `docs/api.md`.       │                           │
│                           │                                                              │───────────────────────────│
│                           │   - CRUD endpoints                                           │ted Jan 1 · updated Jan 20 │
└───────────────────────────└──────────────────────────────────────────────────────────────┘───────────────────────────┘
edit item  Ctrl-S save · Esc cancel
