---
source: crates/clove-tui/src/snapshot.rs
expression: rendered
---
┌ clove ───────────────────────────────────────────────────┐
│  All 7  │  Ready 4  │  Blocked 1                         │
└──────────────────────────────────────────────────────────┘
┌ Items (7) ───────────────────────────────────────────────┐
│▌◐ proj-00000002 p0 feature Build REST API ●              │
│ ○ proj-00000007 p1 bug     Investigate flaky CI ●        │
│ ● proj-00000001 p1 chore   Set up database schema        │
│ ○ proj-00000004 p2 epic    Ship v1 release ●             │
│ ○ proj-00000003 p2 feature Write integration tests ✗     │
│ ○ proj-00000005 p3 feature Frontend dashboard ●          │
│ ● proj-00000006 p4 docs    Docs site                     │
│                                                          │
│                                                          │
│                                                          │
│                                                          │
│                                                          │
│                                                          │
│                                                          │
│                                                          │
│                                                          │
│                                                          │
│    ┌ Help ──────────────────────────────────────────┐    │
│    │ clove tui — read-only browser                  │    │
│    │                                                │    │
│    │ ↑/k ↓/j      move selection                    │    │
│    │ g / G        jump to top / bottom              │    │
│    │ Tab / 1 2 3  All / Ready / Blocked             │    │
└────│ o / t / c    overview / dep tree / comments    │────┘
┌ Ove│ →/l  ←/h     focus detail / list (narrow)      │────┐
│ Bui│ PgUp / PgDn  scroll detail                     │    │
│ pro│ s / S        cycle sort field / direction      │    │
│    │ f            filter menu (facets)              │    │
│ sta│ x            clear all filters                 │    │
│ pri│ /            search id, title, labels          │    │
│ ass│ Esc          clear search / back / close       │    │
│    │ r            refresh from disk                 │    │
│ typ│ ?            toggle this help                  │    │
│ lab│ q            quit                              │    │
│ cre└────────────────────────────────────────────────┘    │
│ updated    2026-01-20 11:30 UTC  (3w ago)                │
│                                                          │
│ deps       proj-00000001                                 │
│                                                          │
│ ── body ──────────────────────────────────────────────── │
│ Goals                                                    │
│                                                          │
│ Build a REST API with axum; see docs/api.md.             │
│                                                          │
│ • CRUD endpoints                                         │
│ • Auth middleware                                        │
│                                                          │
│ Steps                                                    │
│                                                          │
│ 1. Define routes                                         │
│ 2. Wire handlers                                         │
│                                                          │
│ │ Blocked on the schema work until it lands.             │
│                                                          │
└──────────────────────────────────────────────────────────┘
7 item(s) loaded   ?: help · q: quit
