---
source: crates/clove-tui/src/snapshot.rs
expression: rendered
---
┌ clove ───────────────────────────────────────────────────┐
│  All 7  │  Ready 4  │  Blocked 1                         │
└──────────────────────────────────────────────────────────┘
┌ Items (2/7) ─────────────────────────────────────────────┐
│▌○ F proj-00000003 p2 Write integration tests ✗           │
│ ○ F proj-00000005 p3 Frontend dashboard ●                │
│                                                          │
│                                                          │
│                                                          │
│                                                          │
│                                                          │
│                                                          │
│                                                          │
│                                                          │
│                                                          │
│                                                          │
│                                                          │
│                                                          │
│         ┌ Filter ──────────────────────────────┐         │
│         │ Status                               │         │
│         │  (•) open                            │         │
│         │  ( ) in_progress                     │         │
│         │  ( ) closed                          │         │
│         │                                      │         │
│         │ Type                                 │         │
│         │  [ ] bug                             │         │
│         │ ▌[x] feature                         │         │
└─────────│  [ ] chore                           │─────────┘
┌ Overview│  [ ] docs                            │─────────┐
│ F Write │  [ ] epic                            │ blocked │
│ proj-000│                                      │ure · p2 │
│         │ Priority                             │         │
│ blocked │  [ ] p0                              │         │
│ labels  │  [ ] p1                              │         │
│ created │  [ ] p2                              │         │
│ updated │  [ ] p3                              │         │
│         │  [ ] p4                              │         │
│ deps    │                                      │         │
│         │ Label                                │         │
│ ── body │  [ ] area:api                        │──────── │
│ End-to-e│  [ ] area:ci                         │         │
│         └──────────────────────────────────────┘         │
│                                                          │
│                                                          │
│                                                          │
│                                                          │
│                                                          │
│                                                          │
│                                                          │
│                                                          │
│                                                          │
│                                                          │
│                                                          │
│                                                          │
│                                                          │
│                                                          │
│                                                          │
│                                                          │
└──────────────────────────────────────────────────────────┘
filter  ↑↓ move · space toggle · x clear · Esc close
