---
source: crates/clove-tui/src/snapshot.rs
expression: rendered
---
  All 7  │  Ready 4  │  Blocked 1
┌ Items (2/7) ──────────────────────────┌ Filter ──────────────────────────────┐ ──────────────────────────────────────┐
│▌○ F #3 • Write integration tests ✗    │ Status                               │                      ○ open · blocked │
│ ○ F #5 • Frontend dashboard ●         │  (•) open                            │                                deps 1 │
│                                       │  ( ) in_progress                     │                                       │
│                                       │  ( ) closed                          │───────────────────────────────────────│
│                                       │                                      │lic API surface.                       │
│                                       │ Type                                 │                                       │
│                                       │  [ ] bug                             │                                       │
│                                       │ ▌[x] feature                         │                                       │
│                                       │  [ ] chore                           │                                       │
│                                       │  [ ] docs                            │                                       │
│                                       │  [ ] epic                            │                                       │
│                                       │                                      │                                       │
│                                       │ Priority                             │───────────────────────────────────────│
│                                       │  [ ] p0                              │        created Jan 1 · updated Jan 12 │
└───────────────────────────────────────└──────────────────────────────────────┘───────────────────────────────────────┘
filter  ↑↓ move · space toggle · x clear · Esc close
