---
source: crates/clove-tui/src/snapshot.rs
expression: rendered
---
  All 7  │  Ready 4  │  Blocked 1
┌ Items (1) ───────────────────────────────────┐┌ Overview · Dep tree · Comments ──────────────────────────────────────┐
│▌○ F #K2M8ZP5R • Write integration tests ✗    ││ #K2M8ZP5R  • FEATURE                                ○ open · blocked │
│                                              ││ Write integration tests                                       deps 1 │
│                                              ││ blocked by #9QX4D1B7                                                 │
│                                              ││──────────────────────────────────────────────────────────────────────│
│                                              ││ End-to-end coverage of the public API surface.                       │
│                                              ││                                                                      │
│                                              ││                                                                      │
│                                              ││                                                                      │
│                                              ││                                                                      │
│                                              ││                                                                      │
│                                              ││                                                                      │
│                                              ││                                                                      │
│                                              ││──────────────────────────────────────────────────────────────────────│
│                                              ││ labels area:qa                        created Jan 1 · updated Jan 12 │
└──────────────────────────────────────────────┘└──────────────────────────────────────────────────────────────────────┘
7 item(s) loaded   ?: help · q: quit
